
> hims-academia@0.0.0 build
> tsc -b && vite build

src/components/layout/Sidebar.tsx(47,29): error TS2322: Type '({ isActive }: any) => "text-hims-blue" | "text-slate-400 group-hover:text-hims-dark"' is not assignable to type 'string'.
src/pages/SignupPage.tsx(7,9): error TS6133: 'navigate' is declared but its value is never read.
